
> artslave@0.1.0 dev
> next dev

   ▲ Next.js 15.3.5
   - Local:        http://localhost:3000
   - Network:      http://192.168.2.80:3000
   - Environments: .env

 ✓ Starting...
 ✓ Ready in 2.4s
 ○ Compiling / ...
 ✓ Compiled / in 4s (960 modules)
 GET / 200 in 4481ms
 GET / 200 in 410ms
 ✓ Compiled in 879ms (434 modules)
 ○ Compiling /api/deep-search ...
 ✓ Compiled /api/deep-search in 1264ms (1336 modules)
 POST /api/deep-search 200 in 1835ms
 ○ Compiling /api/backend-status ...
 ✓ Compiled /api/backend-status in 519ms (1353 modules)
 GET /api/backend-status 200 in 2077ms
 ✓ Compiled in 284ms (435 modules)
 ✓ Compiled in 266ms (435 modules)
 GET /api/backend-status 200 in 29ms
 GET /api/backend-status 200 in 48ms
 GET /api/backend-status 200 in 55ms
 GET /api/backend-status 200 in 17ms
 GET /api/backend-status 200 in 11ms
 ✓ Compiled in 840ms (435 modules)
 GET /api/backend-status 200 in 28ms
 GET /api/backend-status 200 in 17ms
 ✓ Compiled in 413ms (435 modules)
 GET /api/backend-status 200 in 20ms
 GET /api/backend-status 200 in 34ms
 GET /api/backend-status 200 in 10ms
 ✓ Compiled in 473ms (435 modules)
 GET /api/backend-status 200 in 14ms
 ✓ Compiled in 360ms (435 modules)
 ○ Compiling /deep-search ...
 ✓ Compiled /deep-search in 1357ms (1384 modules)
 GET /deep-search 200 in 1745ms
 GET /api/backend-status 200 in 41ms
 GET /api/backend-status 200 in 28ms
 GET /api/backend-status 200 in 11ms
 GET /api/backend-status 200 in 10ms
 GET /api/backend-status 200 in 131ms
 GET /api/backend-status 200 in 18ms
 GET /api/backend-status 200 in 10ms
 GET /api/backend-status 200 in 20ms
 GET /api/backend-status 200 in 10ms
 GET /api/backend-status 200 in 8ms
 GET /api/backend-status 200 in 13ms
 GET /api/backend-status 200 in 10ms
 GET /api/backend-status 200 in 9ms
 GET /api/backend-status 200 in 10ms
 GET /api/backend-status 200 in 12ms
 GET /api/backend-status 200 in 10ms
 GET /api/backend-status 200 in 10ms
 GET /api/backend-status 200 in 8ms
 GET /api/backend-status 200 in 9ms
 GET /api/backend-status 200 in 11ms
 GET /api/backend-status 200 in 11ms
 GET /api/backend-status 200 in 9ms
 GET /api/backend-status 200 in 12ms
 GET /api/backend-status 200 in 11ms
 GET /api/backend-status 200 in 19ms
 GET /api/backend-status 200 in 14ms
 GET /api/backend-status 200 in 24ms
 GET /api/backend-status 200 in 16ms
 ✓ Compiled in 1118ms (654 modules)
 GET /api/backend-status 200 in 59ms
 ✓ Compiled in 1302ms (654 modules)
 ✓ Compiled in 2.6s (654 modules)
 GET /api/backend-status 200 in 29ms
 ✓ Compiled in 814ms (654 modules)
 ✓ Compiled in 2.1s (726 modules)
 ✓ Compiled in 1336ms (654 modules)
 GET /api/backend-status 200 in 142ms
 ✓ Compiled in 535ms (654 modules)
 ✓ Compiled in 622ms (654 modules)
 ✓ Compiled in 951ms (654 modules)
 ✓ Compiled in 1083ms (654 modules)
 GET /api/backend-status 200 in 83ms
 ✓ Compiled in 1407ms (654 modules)
 ✓ Compiled in 1639ms (654 modules)
 ✓ Compiled in 1252ms (654 modules)
 ✓ Compiled in 1065ms (654 modules)
 GET /api/backend-status 200 in 62ms
 ✓ Compiled in 839ms (654 modules)
 ✓ Compiled in 1428ms (654 modules)
 ✓ Compiled in 749ms (654 modules)
 GET /api/backend-status 200 in 69ms
 GET /api/backend-status 200 in 47ms
 ✓ Compiled in 843ms (654 modules)
 GET /api/backend-status 200 in 24ms
 GET /api/backend-status 200 in 13ms
 GET /api/backend-status 200 in 19ms
 GET /api/backend-status 200 in 20ms
 GET /api/backend-status 200 in 24ms
 GET /api/backend-status 200 in 18ms
 ✓ Compiled in 839ms (654 modules)
 GET /api/backend-status 200 in 19ms
 ✓ Compiled in 452ms (654 modules)
 ✓ Compiled in 1087ms (654 modules)
 GET /api/backend-status 200 in 50ms
 GET /api/backend-status 200 in 18ms
 ✓ Compiled in 847ms (654 modules)
 GET /api/backend-status 200 in 28ms
 ✓ Compiled in 505ms (654 modules)
 ○ Compiling /api/deep-search ...
 ✓ Compiled /api/deep-search in 2.1s (1106 modules)
 GET /api/deep-search 200 in 3216ms
 POST /api/deep-search/precheck 200 in 7027ms
 GET /api/backend-status 200 in 32ms
 POST /api/deep-search 200 in 27ms
 ○ Compiling /api/deep-search/[runId] ...
 ✓ Compiled /api/deep-search/[runId] in 1892ms (1122 modules)
 GET /api/deep-search/cmqedxlz0003rnkfz83647z9s 200 in 4587ms
 GET /api/deep-search/cmqedxlz0003rnkfz83647z9s 200 in 30ms
 GET /api/deep-search/cmqedxlz0003rnkfz83647z9s 200 in 34ms
 GET /api/deep-search/cmqedxlz0003rnkfz83647z9s 200 in 49ms
 GET /api/deep-search/cmqedxlz0003rnkfz83647z9s 200 in 20ms
 GET /api/deep-search/cmqedxlz0003rnkfz83647z9s 200 in 25ms
 GET /api/deep-search/cmqedxlz0003rnkfz83647z9s 200 in 33ms
 GET /api/deep-search/cmqedxlz0003rnkfz83647z9s 200 in 16ms
 GET /api/deep-search/cmqedxlz0003rnkfz83647z9s 200 in 20ms
 GET /api/deep-search/cmqedxlz0003rnkfz83647z9s 200 in 13ms
 GET /api/deep-search/cmqedxlz0003rnkfz83647z9s 200 in 12ms
 GET /api/deep-search/cmqedxlz0003rnkfz83647z9s 200 in 11ms
 GET /api/deep-search/cmqedxlz0003rnkfz83647z9s 200 in 20ms
 GET /api/deep-search/cmqedxlz0003rnkfz83647z9s 200 in 14ms
 GET /api/deep-search/cmqedxlz0003rnkfz83647z9s 200 in 20ms
 GET /api/deep-search/cmqedxlz0003rnkfz83647z9s 200 in 21ms
 GET /api/deep-search/cmqedxlz0003rnkfz83647z9s 200 in 25ms
 GET /api/deep-search/cmqedxlz0003rnkfz83647z9s 200 in 19ms
 GET /api/deep-search/cmqedxlz0003rnkfz83647z9s 200 in 20ms
 GET /api/deep-search/cmqedxlz0003rnkfz83647z9s 200 in 24ms
 PATCH /api/deep-search/cmqedxlz0003rnkfz83647z9s 200 in 18ms
 GET /api/deep-search/cmqedxlz0003rnkfz83647z9s 200 in 13ms
 GET /api/backend-status 200 in 1515ms
 ✓ Compiled in 903ms (1119 modules)
 ✓ Compiled in 415ms (654 modules)
 ✓ Compiled in 457ms (654 modules)
 ○ Compiling /deep-search ...
 ✓ Compiled /deep-search in 6.6s (744 modules)
 GET /deep-search 200 in 11096ms
 ○ Compiling /api/backend-status ...
 ✓ Compiled /api/deep-search/precheck in 1071ms (1115 modules)
 ✓ Compiled (1121 modules)
 GET /api/deep-search 200 in 1841ms
 GET /api/backend-status 200 in 1847ms
 GET /api/backend-status 200 in 11ms
 POST /api/deep-search/precheck 200 in 4156ms
 GET /api/backend-status 200 in 16ms
 GET /deep-search 200 in 292ms
 GET /api/deep-search 200 in 18ms
 GET /api/backend-status 200 in 21ms
 POST /api/deep-search/precheck 200 in 3558ms
 GET /api/deep-search 200 in 17ms
 ○ Compiling /api/deep-search/[runId] ...
 ✓ Compiled /api/deep-search/[runId] in 538ms (1123 modules)
 GET /api/deep-search/cmqedxlz0003rnkfz83647z9s 200 in 610ms
 GET /deep-search 200 in 350ms
 GET /api/deep-search 200 in 272ms
 GET /api/backend-status 200 in 285ms
 GET /api/deep-search 200 in 23ms
 POST /api/deep-search/precheck 200 in 843ms
 GET /api/backend-status 200 in 17ms
 GET /deep-search 200 in 254ms
 GET /api/deep-search 200 in 35ms
 GET /api/backend-status 200 in 41ms
 GET /api/deep-search 200 in 50ms
 POST /api/deep-search/precheck 200 in 13ms
 GET /deep-search 200 in 544ms
 GET /api/deep-search 200 in 33ms
 GET /api/backend-status 200 in 97ms
 GET /api/deep-search 200 in 17ms
 POST /api/deep-search/precheck 200 in 16ms
 GET /api/deep-search/cmqedxlz0003rnkfz83647z9s 200 in 79ms
 GET /api/backend-status 200 in 17ms
 GET /api/backend-status 200 in 95ms
 GET /deep-search 200 in 254ms
 GET /api/deep-search 200 in 24ms
 GET /api/backend-status 200 in 30ms
 GET /api/deep-search 200 in 42ms
 POST /api/deep-search/precheck 200 in 16ms
 GET /api/deep-search/cmqedxlz0003rnkfz83647z9s 200 in 22ms
 GET /api/deep-search 200 in 14ms
 GET /api/backend-status 200 in 14ms
 GET /api/backend-status 200 in 13ms
 GET /api/backend-status 200 in 11ms
 GET /api/backend-status 200 in 154ms
 GET /api/backend-status 200 in 53ms
 GET /api/backend-status 200 in 17ms
 GET /api/backend-status 200 in 18ms
 GET /api/backend-status 200 in 20ms
 GET /api/backend-status 200 in 9ms
 GET /api/backend-status 200 in 12ms
 GET /api/backend-status 200 in 12ms
 GET /api/backend-status 200 in 12ms
 GET /api/backend-status 200 in 54ms
 GET /api/backend-status 200 in 19ms
 GET /api/backend-status 200 in 14ms
 GET /api/backend-status 200 in 9ms
 GET /api/backend-status 200 in 23ms
 GET /api/backend-status 200 in 12ms
 GET /api/backend-status 200 in 12ms
 GET /api/backend-status 200 in 24ms
 GET /api/backend-status 200 in 21ms
 GET /api/backend-status 200 in 13ms
 GET /api/backend-status 200 in 18ms
 GET /api/backend-status 200 in 56ms
 GET /api/backend-status 200 in 21ms
 GET /api/backend-status 200 in 12ms
 GET /api/backend-status 200 in 12ms
 GET /api/backend-status 200 in 14ms
 GET /api/backend-status 200 in 18ms
 GET /api/backend-status 200 in 9ms
 GET /api/backend-status 200 in 9ms
 GET /api/backend-status 200 in 13ms
 GET /api/backend-status 200 in 9ms
 GET /api/backend-status 200 in 14ms
 GET /api/backend-status 200 in 9ms
 GET /api/backend-status 200 in 11ms
 GET /api/backend-status 200 in 17ms
 GET /api/backend-status 200 in 10ms
 GET /api/backend-status 200 in 12ms
 GET /api/backend-status 200 in 10ms
 GET /api/backend-status 200 in 30ms
 GET /api/backend-status 200 in 18ms
 GET /api/backend-status 200 in 18ms
 GET /api/backend-status 200 in 8ms
 GET /api/backend-status 200 in 10ms
 GET /api/backend-status 200 in 13ms
 GET /api/backend-status 200 in 11ms
 GET /api/backend-status 200 in 18ms
 GET /api/backend-status 200 in 9ms
 GET /api/backend-status 200 in 14ms
 GET /api/backend-status 200 in 15ms
 GET /api/backend-status 200 in 12ms
 GET /api/backend-status 200 in 13ms
 GET /api/backend-status 200 in 9ms
 GET /api/backend-status 200 in 9ms
 GET /api/backend-status 200 in 14ms
 GET /api/backend-status 200 in 22ms
 GET /api/backend-status 200 in 11ms
 GET /api/backend-status 200 in 9ms
 GET /api/backend-status 200 in 15ms
 GET /api/backend-status 200 in 13ms
 GET /api/backend-status 200 in 15ms
 GET /api/backend-status 200 in 12ms
 GET /api/backend-status 200 in 20ms
 GET /api/backend-status 200 in 25ms
 GET /api/backend-status 200 in 18ms
 GET /api/backend-status 200 in 11ms
 GET /api/backend-status 200 in 20ms
 GET /api/backend-status 200 in 22ms
 GET /api/backend-status 200 in 24ms
 GET /api/backend-status 200 in 12ms
 GET /api/backend-status 200 in 35ms
 GET /api/backend-status 200 in 30ms
 GET /api/backend-status 200 in 71ms
 GET /api/backend-status 200 in 15ms
 GET /api/backend-status 200 in 18ms
 GET /api/backend-status 200 in 142ms
 GET /api/backend-status 200 in 16ms
 GET /api/backend-status 200 in 8ms
 GET /api/backend-status 200 in 124ms
 GET /api/backend-status 200 in 10ms
 GET /api/backend-status 200 in 15ms
 GET /api/backend-status 200 in 10ms
 GET /api/backend-status 200 in 11ms
 GET /api/backend-status 200 in 13ms
 GET /api/backend-status 200 in 10ms
 GET /api/backend-status 200 in 9ms
 GET /api/backend-status 200 in 11ms
 GET /api/backend-status 200 in 12ms
 GET /api/backend-status 200 in 12ms
 GET /api/backend-status 200 in 24ms
 GET /api/backend-status 200 in 118ms
 GET /api/backend-status 200 in 40ms
 GET /api/backend-status 200 in 13ms
 GET /api/backend-status 200 in 14ms
 GET /api/backend-status 200 in 20ms
 GET /api/backend-status 200 in 40ms
 GET /api/backend-status 200 in 8ms
 GET /api/backend-status 200 in 20ms
 GET /api/backend-status 200 in 17ms
 GET /api/backend-status 200 in 19ms
 GET /api/backend-status 200 in 10ms
 GET /api/backend-status 200 in 37ms
 GET /api/backend-status 200 in 42ms
 GET /api/backend-status 200 in 17ms
 GET /api/backend-status 200 in 11ms
 GET /api/backend-status 200 in 13ms
 GET /api/backend-status 200 in 10ms
 GET /api/backend-status 200 in 14ms
 GET /api/backend-status 200 in 13ms
 GET /api/backend-status 200 in 24ms
 GET /api/backend-status 200 in 16ms
 GET /api/backend-status 200 in 25ms
 GET /api/backend-status 200 in 35ms
 GET /api/backend-status 200 in 11ms
 GET /api/backend-status 200 in 15ms
 GET /api/backend-status 200 in 22ms
 GET /api/backend-status 200 in 21ms
 GET /api/backend-status 200 in 14ms
 GET /api/backend-status 200 in 11ms
 GET /api/backend-status 200 in 21ms
 GET /api/backend-status 200 in 20ms
 GET /api/backend-status 200 in 15ms
 GET /api/backend-status 200 in 14ms
 GET /api/backend-status 200 in 12ms
 GET /api/backend-status 200 in 11ms
 GET /api/backend-status 200 in 17ms
 GET /api/backend-status 200 in 11ms
 GET /api/backend-status 200 in 12ms
 GET /api/backend-status 200 in 15ms
 GET /api/backend-status 200 in 8ms
 GET /api/backend-status 200 in 8ms
 GET /api/backend-status 200 in 14ms
 GET /api/backend-status 200 in 15ms
 GET /api/backend-status 200 in 10ms
 GET /api/backend-status 200 in 11ms
 GET /api/backend-status 200 in 9ms
 GET /api/backend-status 200 in 13ms
 GET /api/backend-status 200 in 14ms
 GET /api/backend-status 200 in 9ms
 GET /api/backend-status 200 in 9ms
 GET /api/backend-status 200 in 19ms
 GET /api/backend-status 200 in 11ms
 GET /api/backend-status 200 in 11ms
 GET /api/backend-status 200 in 11ms
 GET /api/backend-status 200 in 13ms
 GET /api/backend-status 200 in 10ms
 GET /api/backend-status 200 in 13ms
 GET /api/backend-status 200 in 15ms
 GET /api/backend-status 200 in 13ms
 GET /api/backend-status 200 in 14ms
 GET /api/backend-status 200 in 12ms
 GET /api/backend-status 200 in 8ms
 GET /api/backend-status 200 in 18ms
 GET /api/backend-status 200 in 12ms
 GET /api/backend-status 200 in 13ms
 GET /api/backend-status 200 in 21ms
 GET /api/backend-status 200 in 11ms
 GET /api/backend-status 200 in 10ms
 GET /api/backend-status 200 in 14ms
 GET /api/backend-status 200 in 11ms
 GET /api/backend-status 200 in 14ms
 GET /api/backend-status 200 in 27ms
 GET /api/backend-status 200 in 18ms
 GET /api/backend-status 200 in 14ms
 GET /api/backend-status 200 in 22ms
 GET /api/backend-status 200 in 13ms
 GET /api/backend-status 200 in 11ms
 GET /api/backend-status 200 in 15ms
 GET /api/backend-status 200 in 13ms
 GET /api/backend-status 200 in 13ms
 GET /api/backend-status 200 in 16ms
 GET /api/backend-status 200 in 9ms
 GET /api/backend-status 200 in 10ms
 GET /api/backend-status 200 in 14ms
 GET /api/backend-status 200 in 10ms
 GET /api/backend-status 200 in 9ms
 GET /api/backend-status 200 in 39ms
 GET /api/backend-status 200 in 13ms
 GET /api/backend-status 200 in 37ms
 GET /api/backend-status 200 in 60ms
 GET /api/backend-status 200 in 13ms
 GET /api/backend-status 200 in 24ms
 GET /api/backend-status 200 in 10ms
 GET /api/backend-status 200 in 18ms
 GET /api/backend-status 200 in 12ms
 GET /api/backend-status 200 in 14ms
 GET /api/backend-status 200 in 10ms
 GET /api/backend-status 200 in 13ms
 GET /api/backend-status 200 in 14ms
 GET /api/backend-status 200 in 937118ms
 GET /api/backend-status 200 in 85ms
 GET /api/backend-status 200 in 72ms
 GET /api/backend-status 200 in 16ms
 GET /api/backend-status 200 in 12ms
 GET /api/backend-status 200 in 17ms
 GET /api/backend-status 200 in 14ms
 GET /api/backend-status 200 in 69ms
 GET /api/backend-status 200 in 19ms
 GET /api/backend-status 200 in 21ms
 GET /api/backend-status 200 in 19ms
 GET /api/backend-status 200 in 34ms
 GET /api/backend-status 200 in 28ms
 GET /api/backend-status 200 in 24ms
 GET /api/backend-status 200 in 10ms
 GET /api/backend-status 200 in 23ms
 GET /api/backend-status 200 in 14ms
 GET /api/backend-status 200 in 17ms
 GET /api/backend-status 200 in 43ms
 GET /api/backend-status 200 in 20ms
 GET /api/backend-status 200 in 15ms
 GET /api/backend-status 200 in 14ms
 GET /api/backend-status 200 in 28ms
 GET /api/backend-status 200 in 37ms
 GET /api/backend-status 200 in 24ms
 GET /api/backend-status 200 in 10ms
 GET /api/backend-status 200 in 33ms
 GET /api/backend-status 200 in 63ms
 GET /api/backend-status 200 in 61ms
 GET /api/backend-status 200 in 21ms
 GET /api/backend-status 200 in 31ms
 GET /api/backend-status 200 in 14ms
 GET /api/backend-status 200 in 125ms
 GET /api/backend-status 200 in 10ms
 GET /api/backend-status 200 in 18ms
 GET /api/backend-status 200 in 12ms
 GET /api/backend-status 200 in 16ms
 GET /api/backend-status 200 in 16ms
 GET /api/backend-status 200 in 15ms
 GET /api/backend-status 200 in 15ms
 GET /api/backend-status 200 in 14ms
 GET /api/backend-status 200 in 37ms
 GET /api/backend-status 200 in 50ms
 GET /api/backend-status 200 in 16ms
 GET /api/backend-status 200 in 10ms
 GET /api/backend-status 200 in 9ms
 GET /api/backend-status 200 in 20ms
 GET /api/backend-status 200 in 21ms
 GET /api/backend-status 200 in 21ms
 GET /api/backend-status 200 in 20ms
 GET /api/backend-status 200 in 42ms
 GET /api/backend-status 200 in 20ms
 GET /api/backend-status 200 in 13ms
 GET /api/backend-status 200 in 27ms
 GET /api/backend-status 200 in 18ms
 GET /api/backend-status 200 in 9ms
 GET /api/backend-status 200 in 20ms
 GET /api/backend-status 200 in 13ms
 GET /api/backend-status 200 in 10ms
 GET /api/backend-status 200 in 9ms
 GET /api/backend-status 200 in 15ms
 GET /api/backend-status 200 in 10ms
 GET /api/backend-status 200 in 13ms
 GET /api/backend-status 200 in 14ms
 GET /api/backend-status 200 in 12ms
 GET /api/backend-status 200 in 17ms
 GET /api/backend-status 200 in 13ms
 GET /api/backend-status 200 in 9ms
 GET /api/backend-status 200 in 11ms
 GET /api/backend-status 200 in 19ms
 GET /api/backend-status 200 in 10ms
 GET /api/backend-status 200 in 12ms
 GET /api/backend-status 200 in 9ms
 GET /api/backend-status 200 in 22ms
 GET /api/backend-status 200 in 10ms
 GET /api/backend-status 200 in 9ms
 GET /api/backend-status 200 in 11ms
 GET /api/backend-status 200 in 13ms
 GET /api/backend-status 200 in 22ms
 GET /api/backend-status 200 in 10ms
 GET /api/backend-status 200 in 13ms
 GET /api/backend-status 200 in 14ms
 GET /api/backend-status 200 in 12ms
 GET /api/backend-status 200 in 10ms
 GET /api/backend-status 200 in 12ms
 GET /api/backend-status 200 in 9ms
 GET /api/backend-status 200 in 8ms
 GET /api/backend-status 200 in 8ms
 GET /api/backend-status 200 in 13ms
 GET /api/backend-status 200 in 11ms
 GET /api/backend-status 200 in 8ms
 GET /api/backend-status 200 in 12ms
 GET /api/backend-status 200 in 16ms
 GET /api/backend-status 200 in 10ms
 GET /api/backend-status 200 in 10ms
 GET /api/backend-status 200 in 14ms
 GET /api/backend-status 200 in 13ms
 GET /api/backend-status 200 in 15ms
 GET /api/backend-status 200 in 8ms
 GET /api/backend-status 200 in 9ms
 GET /api/backend-status 200 in 8ms
 GET /api/backend-status 200 in 11ms
 GET /api/backend-status 200 in 14ms
 GET /api/backend-status 200 in 11ms
 GET /api/backend-status 200 in 8ms
 GET /api/backend-status 200 in 10ms
 GET /api/backend-status 200 in 41ms
 GET /api/backend-status 200 in 14ms
 GET /api/backend-status 200 in 61ms
 GET /api/backend-status 200 in 12ms
 GET /api/backend-status 200 in 9ms
 GET /api/backend-status 200 in 11ms
 GET /api/backend-status 200 in 18ms
 GET /api/backend-status 200 in 17ms
 GET /api/backend-status 200 in 9ms
 GET /api/backend-status 200 in 15ms
 GET /api/backend-status 200 in 37ms
 GET /api/backend-status 200 in 18ms
 GET /api/backend-status 200 in 18ms
 GET /api/backend-status 200 in 14ms
 GET /api/backend-status 200 in 11ms
 GET /api/backend-status 200 in 14ms
 GET /api/backend-status 200 in 10ms
 GET /api/backend-status 200 in 13ms
 GET /api/backend-status 200 in 12ms
 GET /api/backend-status 200 in 15ms
 GET /api/backend-status 200 in 10ms
 GET /api/backend-status 200 in 12ms
 GET /api/backend-status 200 in 16ms
 GET /api/backend-status 200 in 10ms
 GET /api/backend-status 200 in 10ms
 GET /api/backend-status 200 in 19ms
 GET /api/backend-status 200 in 18ms
 GET /api/backend-status 200 in 42ms
 GET /api/backend-status 200 in 20ms
 GET /api/backend-status 200 in 16ms
 GET /api/backend-status 200 in 9ms
 GET /api/backend-status 200 in 11ms
 GET /api/backend-status 200 in 9ms
 GET /api/backend-status 200 in 13ms
 GET /api/backend-status 200 in 10ms
 GET /api/backend-status 200 in 9ms
 GET /api/backend-status 200 in 11ms
 GET /api/backend-status 200 in 11ms
 GET /api/backend-status 200 in 11ms
 GET /api/backend-status 200 in 123ms
 GET /api/backend-status 200 in 11ms
 GET /api/backend-status 200 in 12ms
 GET /api/backend-status 200 in 13ms
 GET /api/backend-status 200 in 8ms
 POST /api/deep-search 200 in 298ms
 GET /api/backend-status 200 in 10ms
 ✓ Compiled in 2.4s (654 modules)
 ✓ Compiled in 356ms (654 modules)
 GET /api/backend-status 200 in 1515ms
 GET /api/backend-status 200 in 1509ms
 GET /api/backend-status 200 in 1515ms
 GET /api/backend-status 200 in 1528ms
 POST /api/deep-search/precheck 200 in 3962ms
 POST /api/deep-search/precheck 200 in 2734ms
 GET /api/backend-status 200 in 1516ms
 GET /deep-search 200 in 135ms
 POST /api/deep-search/precheck 200 in 2975ms
 GET /api/backend-status 200 in 1587ms
 GET /api/backend-status 200 in 1510ms
 GET /api/backend-status 200 in 1509ms
 GET /api/backend-status 200 in 9ms
 GET /api/backend-status 200 in 9ms
 ✓ Compiled in 798ms (654 modules)
 ✓ Compiled in 559ms (654 modules)
 ✓ Compiled in 301ms (654 modules)
 GET /api/backend-status 200 in 14ms
 GET /api/backend-status 200 in 13ms
 GET /api/backend-status 200 in 13ms
 GET /api/backend-status 200 in 22ms
 GET /api/backend-status 200 in 10ms
 GET /api/backend-status 200 in 7ms
 GET /api/backend-status 200 in 9ms
 GET /api/backend-status 200 in 8ms
 GET /api/backend-status 200 in 11ms
 GET /api/backend-status 200 in 12ms
 GET /api/backend-status 200 in 150ms
 GET /api/backend-status 200 in 10ms
 GET /api/backend-status 200 in 9ms
 GET /api/backend-status 200 in 12ms
 GET /api/backend-status 200 in 9ms
 GET /api/backend-status 200 in 9ms
 GET /api/backend-status 200 in 12ms
 GET /api/backend-status 200 in 8ms
 GET /api/backend-status 200 in 10ms
 GET /api/backend-status 200 in 8ms
 GET /api/backend-status 200 in 9ms
 GET /api/backend-status 200 in 10ms
 GET /api/backend-status 200 in 10ms
 GET /api/backend-status 200 in 10ms
 GET /api/backend-status 200 in 9ms
 GET /api/backend-status 200 in 9ms
 GET /api/backend-status 200 in 9ms
 GET /api/backend-status 200 in 64ms
 GET /api/backend-status 200 in 8ms
 GET /api/deep-search 200 in 12ms
 GET /api/backend-status 200 in 8ms
 GET /api/deep-search/cmqf3kvsq0066nkfz3nrz9b2i 200 in 31ms
 GET /api/backend-status 200 in 8ms
 GET /api/backend-status 200 in 14ms
 GET /api/deep-search 200 in 12ms
 GET /api/deep-search/cmqccz4he0000nkcvztcjpsf9 200 in 27ms
 GET /api/backend-status 200 in 10ms
 GET /api/backend-status 200 in 11ms
 GET /api/backend-status 200 in 7ms
 GET /api/backend-status 200 in 8ms
 GET /api/backend-status 200 in 8ms
 ○ Compiling /api/deep-search/global ...
 ✓ Compiled /api/deep-search/global in 647ms (1762 modules)
 GET /api/deep-search/global?limit=300 200 in 820ms
 GET /api/backend-status 200 in 30ms
 GET /api/backend-status 200 in 8ms
 GET /api/backend-status 200 in 8ms
 GET /api/backend-status 200 in 8ms
 GET /api/backend-status 200 in 7ms
 GET /api/backend-status 200 in 7ms
 GET /api/backend-status 200 in 7ms
 GET /api/backend-status 200 in 7ms
 GET /api/backend-status 200 in 13ms
 GET /api/backend-status 200 in 10ms
 GET /api/backend-status 200 in 9ms
 GET /api/backend-status 200 in 15ms
 GET /api/backend-status 200 in 100ms
 GET /api/backend-status 200 in 9ms
 GET /api/backend-status 200 in 9ms
 GET /api/backend-status 200 in 8ms
 GET /api/backend-status 200 in 9ms
 GET /api/backend-status 200 in 8ms
 GET /api/backend-status 200 in 8ms
 GET /api/backend-status 200 in 9ms
 GET /api/backend-status 200 in 24ms
 GET /api/backend-status 200 in 13ms
 GET /api/backend-status 200 in 35ms
 GET /api/backend-status 200 in 11ms
 GET /api/backend-status 200 in 10ms
 GET /api/backend-status 200 in 12ms
 GET /api/backend-status 200 in 50ms
 GET /api/backend-status 200 in 69ms
 GET /api/backend-status 200 in 16ms
 GET /api/backend-status 200 in 39ms
 GET /api/backend-status 200 in 26ms
 GET /api/backend-status 200 in 11ms
 GET /api/backend-status 200 in 31ms
 GET /api/backend-status 200 in 46ms
 GET /api/backend-status 200 in 33ms
 GET /api/backend-status 200 in 18ms
 GET /api/backend-status 200 in 49ms
 GET /api/backend-status 200 in 235ms
 GET /api/backend-status 200 in 30ms
 GET /api/backend-status 200 in 37ms
 GET /api/backend-status 200 in 19ms
 GET /api/backend-status 200 in 17ms
 GET /api/backend-status 200 in 27ms
 GET /api/backend-status 200 in 24ms
 GET /api/backend-status 200 in 10ms
 GET /api/backend-status 200 in 24ms
 GET /api/backend-status 200 in 15ms
 GET /api/backend-status 200 in 10ms
 GET /api/backend-status 200 in 21ms
 GET /api/backend-status 200 in 31ms
 GET /api/backend-status 200 in 16ms
 GET /api/backend-status 200 in 37ms
 GET /api/backend-status 200 in 19ms
 GET /api/backend-status 200 in 24ms
 GET /api/backend-status 200 in 21ms
 GET /api/backend-status 200 in 21ms
 GET /api/backend-status 200 in 10ms
 GET /api/backend-status 200 in 18ms
 GET /api/backend-status 200 in 15ms
 GET /api/backend-status 200 in 15ms
 GET /api/backend-status 200 in 15ms
 GET /api/backend-status 200 in 14ms
 GET /api/backend-status 200 in 47ms
 GET /api/backend-status 200 in 18ms
 GET /api/backend-status 200 in 34ms
 GET /api/backend-status 200 in 70ms
 GET /api/backend-status 200 in 26ms
 GET /api/backend-status 200 in 46ms
 GET /api/backend-status 200 in 40ms
 GET /api/backend-status 200 in 34ms
 GET /api/backend-status 200 in 32ms
 GET /api/backend-status 200 in 33ms
 GET /api/backend-status 200 in 47ms
 GET /api/backend-status 200 in 17ms
 GET /api/backend-status 200 in 11ms
 GET /api/backend-status 200 in 14ms
 GET /api/backend-status 200 in 29ms
 GET /api/backend-status 200 in 22ms
 GET /api/backend-status 200 in 33ms
 GET /api/backend-status 200 in 20ms
 GET /api/backend-status 200 in 18ms
 GET /api/backend-status 200 in 27ms
 GET /api/backend-status 200 in 26ms
 GET /api/backend-status 200 in 26ms
 GET /api/backend-status 200 in 24ms
 GET /api/backend-status 200 in 57ms
 GET /api/backend-status 200 in 17ms
 GET /api/backend-status 200 in 37ms
 GET /api/backend-status 200 in 51ms
 GET /api/backend-status 200 in 67ms
 GET /api/backend-status 200 in 59ms
 GET /api/backend-status 200 in 26ms
 GET /api/backend-status 200 in 37ms
 GET /api/backend-status 200 in 28ms
 GET /api/backend-status 200 in 14ms
 GET /api/backend-status 200 in 15ms
 GET /api/backend-status 200 in 25ms
 GET /api/backend-status 200 in 17ms
 GET /api/backend-status 200 in 22ms
 GET /api/backend-status 200 in 46ms
 GET /api/backend-status 200 in 22ms
 GET /api/backend-status 200 in 26ms
 GET /api/backend-status 200 in 42ms
 GET /api/backend-status 200 in 48ms
 GET /api/backend-status 200 in 41ms
 GET /api/backend-status 200 in 17ms
 GET /api/backend-status 200 in 51ms
 GET /api/backend-status 200 in 33ms
 GET /api/backend-status 200 in 121ms
 GET /api/backend-status 200 in 16ms
 GET /api/backend-status 200 in 13ms
 GET /api/backend-status 200 in 16ms
 GET /api/backend-status 200 in 21ms
 GET /api/backend-status 200 in 21ms
 GET /api/backend-status 200 in 11ms
 GET /api/backend-status 200 in 15ms
 GET /api/backend-status 200 in 17ms
 GET /api/backend-status 200 in 16ms
 GET /api/backend-status 200 in 31ms
 GET /api/backend-status 200 in 13ms
 GET /api/backend-status 200 in 9ms
 GET /api/backend-status 200 in 15ms
 GET /api/backend-status 200 in 19ms
 GET /api/backend-status 200 in 42ms
 GET /api/backend-status 200 in 16ms
 GET /api/backend-status 200 in 15ms
 GET /api/backend-status 200 in 21ms
 GET /api/backend-status 200 in 17ms
 GET /api/backend-status 200 in 28ms
 GET /api/backend-status 200 in 11ms
 GET /api/backend-status 200 in 33ms
 GET /api/backend-status 200 in 15ms
 GET /api/backend-status 200 in 12ms
 GET /api/backend-status 200 in 48ms
 GET /api/backend-status 200 in 42ms
 GET /api/backend-status 200 in 36ms
 GET /api/backend-status 200 in 19ms
 GET /api/backend-status 200 in 20ms
 GET /api/backend-status 200 in 17ms
 GET /api/backend-status 200 in 36ms
 GET /api/backend-status 200 in 22ms
 GET /api/backend-status 200 in 50ms
 GET /api/backend-status 200 in 17ms
 GET /api/backend-status 200 in 25ms
 GET /api/backend-status 200 in 17ms
 GET /api/backend-status 200 in 43ms
 GET /api/backend-status 200 in 21ms
 GET /api/backend-status 200 in 37ms
 GET /api/backend-status 200 in 31ms
 GET /api/backend-status 200 in 28ms
 GET /api/backend-status 200 in 17ms
 GET /api/backend-status 200 in 12ms
 GET /api/backend-status 200 in 18ms
 GET /api/backend-status 200 in 11ms
 GET /api/backend-status 200 in 206ms
 GET /api/backend-status 200 in 18ms
 GET /api/backend-status 200 in 14ms
 GET /api/backend-status 200 in 34ms
 GET /api/backend-status 200 in 15ms
 GET /api/backend-status 200 in 11ms
 GET /api/backend-status 200 in 12ms
 GET /api/backend-status 200 in 21ms
 GET /api/backend-status 200 in 10ms
 GET /api/backend-status 200 in 17ms
 GET /api/backend-status 200 in 12ms
 GET /api/backend-status 200 in 32ms
 GET /api/backend-status 200 in 16ms
 GET /api/backend-status 200 in 19ms
 GET /api/backend-status 200 in 16ms
 GET /api/backend-status 200 in 17ms
 GET /api/backend-status 200 in 19ms
 GET /api/backend-status 200 in 21ms
 GET /api/backend-status 200 in 47ms
 GET /api/backend-status 200 in 16ms
 GET /api/backend-status 200 in 17ms
 GET /api/backend-status 200 in 13ms
 GET /api/backend-status 200 in 15ms
 GET /api/backend-status 200 in 16ms
 GET /api/backend-status 200 in 53ms
 GET /api/backend-status 200 in 12ms
 GET /api/backend-status 200 in 22ms
 GET /api/backend-status 200 in 12ms
 GET /api/backend-status 200 in 14ms
 GET /api/backend-status 200 in 215ms
 GET /api/backend-status 200 in 16ms
 GET /api/backend-status 200 in 51ms
 GET /api/backend-status 200 in 87ms
 GET /api/backend-status 200 in 14ms
 GET /api/backend-status 200 in 17ms
 GET /api/backend-status 200 in 22ms
 GET /api/backend-status 200 in 17ms
 GET /api/backend-status 200 in 19ms
 GET /api/backend-status 200 in 13ms
 GET /api/backend-status 200 in 62ms
 GET /api/backend-status 200 in 19ms
 GET /api/backend-status 200 in 31ms
 GET /api/backend-status 200 in 20ms
 GET /api/backend-status 200 in 14ms
 GET /api/backend-status 200 in 22ms
 GET /api/backend-status 200 in 10ms
 GET /api/backend-status 200 in 12ms
 GET /api/backend-status 200 in 16ms
 GET /api/backend-status 200 in 11ms
 GET /api/backend-status 200 in 25ms
 GET /api/backend-status 200 in 13ms
 GET /api/backend-status 200 in 42ms
 GET /api/backend-status 200 in 10ms
 GET /api/backend-status 200 in 14ms
 GET /api/backend-status 200 in 15ms
 GET /api/backend-status 200 in 31ms
 GET /api/backend-status 200 in 17ms
 GET /api/backend-status 200 in 17ms
 GET /api/backend-status 200 in 11ms
 GET /api/backend-status 200 in 22ms
 GET /api/backend-status 200 in 15ms
 GET /api/backend-status 200 in 12ms
 GET /api/backend-status 200 in 17ms
 GET /api/backend-status 200 in 33ms
 GET /api/backend-status 200 in 24ms
 GET /api/backend-status 200 in 10ms
 GET /api/backend-status 200 in 21ms
 GET /api/backend-status 200 in 46ms
 GET /api/backend-status 200 in 19ms
 GET /api/backend-status 200 in 36ms
 GET /api/backend-status 200 in 79ms
 GET /api/backend-status 200 in 23ms
 GET /api/backend-status 200 in 22ms
 GET /api/backend-status 200 in 21ms
 GET /api/backend-status 200 in 21ms
 GET /api/backend-status 200 in 13ms
 GET /api/backend-status 200 in 15ms
 GET /api/backend-status 200 in 12ms
 GET /api/backend-status 200 in 73ms
 GET /api/backend-status 200 in 29ms
 GET /api/backend-status 200 in 14ms
 GET /api/backend-status 200 in 15ms
 GET /api/backend-status 200 in 21ms
 GET /api/backend-status 200 in 11ms
 GET /api/backend-status 200 in 14ms
 GET /api/backend-status 200 in 21ms
 GET /api/backend-status 200 in 19ms
 GET /api/backend-status 200 in 11ms
 GET /api/backend-status 200 in 47ms
 GET /api/backend-status 200 in 14ms
 GET /api/backend-status 200 in 18ms
 GET /api/backend-status 200 in 13ms
 GET /api/backend-status 200 in 34ms
 GET /api/backend-status 200 in 13ms
 GET /api/backend-status 200 in 30ms
 GET /api/backend-status 200 in 15ms
 GET /api/backend-status 200 in 13ms
 GET /api/backend-status 200 in 17ms
 GET /api/backend-status 200 in 21ms
 GET /api/backend-status 200 in 11ms
 GET /api/backend-status 200 in 11ms
 GET /api/backend-status 200 in 16ms
 GET /api/backend-status 200 in 12ms
 GET /api/backend-status 200 in 7ms
 GET /api/backend-status 200 in 21ms
 GET /api/backend-status 200 in 22ms
 GET /api/backend-status 200 in 16ms
 GET /api/backend-status 200 in 18ms
 GET /api/backend-status 200 in 12ms
 GET /api/backend-status 200 in 13ms
 GET /api/backend-status 200 in 72ms
 GET /api/backend-status 200 in 11ms
 GET /api/backend-status 200 in 8ms
 GET /api/backend-status 200 in 9ms
 GET /api/backend-status 200 in 19ms
 GET /api/backend-status 200 in 29ms
 GET /api/backend-status 200 in 60ms
 GET /api/backend-status 200 in 28ms
 GET /api/backend-status 200 in 14ms
 GET /api/backend-status 200 in 20ms
 GET /api/backend-status 200 in 13ms
 GET /api/backend-status 200 in 12ms
 GET /api/backend-status 200 in 42ms
 GET /api/backend-status 200 in 20ms
 GET /api/backend-status 200 in 51ms
 GET /api/backend-status 200 in 75ms
 GET /api/backend-status 200 in 22ms
 GET /api/backend-status 200 in 24ms
 GET /api/backend-status 200 in 15ms
 GET /api/backend-status 200 in 15ms
 GET /api/backend-status 200 in 13ms
 GET /api/backend-status 200 in 37ms
 GET /api/backend-status 200 in 11ms
 GET /api/backend-status 200 in 76ms
 GET /api/backend-status 200 in 87ms
 GET /api/backend-status 200 in 24ms
 GET /api/backend-status 200 in 34ms
 GET /api/backend-status 200 in 110ms
 GET /api/backend-status 200 in 30ms
 GET /api/backend-status 200 in 12ms
 GET /api/backend-status 200 in 15ms
 GET /api/backend-status 200 in 27ms
 GET /api/backend-status 200 in 26ms
 GET /api/backend-status 200 in 16ms
 GET /api/backend-status 200 in 12ms
 GET /api/backend-status 200 in 11ms
 GET /api/backend-status 200 in 17ms
 GET /api/backend-status 200 in 70ms
 GET /api/backend-status 200 in 52ms
 GET /api/backend-status 200 in 74ms
 GET /api/backend-status 200 in 77ms
 GET /api/backend-status 200 in 37ms
 GET /api/backend-status 200 in 340ms
 GET /api/backend-status 200 in 24ms
 GET /api/backend-status 200 in 19ms
 GET /api/backend-status 200 in 21ms
 GET /api/backend-status 200 in 19ms
 GET /api/backend-status 200 in 41ms
 GET /api/backend-status 200 in 16ms
 GET /api/backend-status 200 in 24ms
 GET /api/backend-status 200 in 13ms
 GET /api/backend-status 200 in 17ms
 GET /api/backend-status 200 in 15ms
 GET /api/backend-status 200 in 42ms
 GET /api/backend-status 200 in 12ms
 GET /api/backend-status 200 in 22ms
 GET /api/backend-status 200 in 15ms
 GET /api/backend-status 200 in 11ms
 GET /api/backend-status 200 in 16ms
 GET /api/backend-status 200 in 14ms
 GET /api/backend-status 200 in 22ms
 GET /api/backend-status 200 in 16ms
 GET /api/backend-status 200 in 10ms
 GET /api/backend-status 200 in 13ms
 GET /api/backend-status 200 in 9ms
 GET /api/backend-status 200 in 16ms
 GET /api/backend-status 200 in 10ms
 GET /api/backend-status 200 in 19ms
 GET /api/backend-status 200 in 14ms
 GET /api/backend-status 200 in 18ms
 GET /api/backend-status 200 in 26ms
 GET /api/backend-status 200 in 27ms
 GET /api/backend-status 200 in 10ms
 GET /api/backend-status 200 in 15ms
 GET /api/backend-status 200 in 10ms
 GET /api/backend-status 200 in 11ms
 ✓ Compiled in 5.5s (1398 modules)
 ✓ Compiled in 943ms (1398 modules)
 ✓ Compiled in 640ms (1398 modules)
 GET /api/backend-status 200 in 593ms
 GET /api/backend-status 200 in 18ms
 GET /api/backend-status 200 in 17ms
 GET /api/backend-status 200 in 33ms
 ✓ Compiled in 2.9s (1398 modules)
 GET /api/backend-status 200 in 56ms
 GET /api/backend-status 200 in 13ms
 GET /api/backend-status 200 in 10ms
 GET /api/backend-status 200 in 19ms
 GET /api/backend-status 200 in 21ms
 GET /deep-search 200 in 1168ms
 GET /api/backend-status 200 in 9ms
 GET /api/backend-status 200 in 16ms
 GET /api/backend-status 200 in 84ms
 GET /deep-search 200 in 319ms
 ○ Compiling /api/deep-search/precheck ...
 ✓ Compiled /api/deep-search/precheck in 1845ms (1118 modules)
 ✓ Compiled (1121 modules)
 GET /api/deep-search 200 in 2966ms
 GET /api/backend-status 200 in 2972ms
 POST /api/deep-search/precheck 200 in 6023ms
 GET /api/backend-status 200 in 17ms
 GET /api/deep-search 200 in 11ms
 ✓ Compiled /api/deep-search/[runId] in 164ms (1123 modules)
 GET /api/deep-search/cmqf3kvsq0066nkfz3nrz9b2i 200 in 224ms
 GET /api/backend-status 200 in 16ms
 GET /api/backend-status 200 in 10ms
 GET /api/backend-status 200 in 18ms
 GET /api/backend-status 200 in 9ms
 GET /api/backend-status 200 in 21ms
 GET /api/backend-status 200 in 10ms
 ✓ Compiled /api/deep-search/global in 375ms (1125 modules)
 GET /api/deep-search/global?limit=300 200 in 519ms
 GET /api/backend-status 200 in 17ms
 GET /api/backend-status 200 in 14ms
 GET /api/backend-status 200 in 24ms
 GET /api/deep-search 200 in 263ms
 GET /api/backend-status 200 in 49ms
 GET /deep-search 200 in 442ms
 GET /api/deep-search 200 in 17ms
 GET /api/backend-status 200 in 32ms
 GET /api/deep-search 200 in 14ms
 GET /api/deep-search/cmqccz4he0000nkcvztcjpsf9 200 in 66ms
 POST /api/deep-search/precheck 200 in 3097ms
 GET /api/backend-status 200 in 19ms
 GET /api/backend-status 200 in 17ms
 GET /api/backend-status 200 in 12ms
 GET /api/backend-status 200 in 34ms
 GET /api/backend-status 200 in 31ms
 GET /api/backend-status 200 in 18ms
 GET /api/backend-status 200 in 18ms
 GET /api/backend-status 200 in 12ms
 GET /api/backend-status 200 in 27ms
 GET /api/backend-status 200 in 14ms
 GET /api/backend-status 200 in 13ms
 GET /api/backend-status 200 in 11ms
 GET /api/backend-status 200 in 15ms
 GET /api/backend-status 200 in 47ms
 GET /api/backend-status 200 in 15ms
 GET /api/backend-status 200 in 18ms
 GET /api/backend-status 200 in 10ms
 GET /api/backend-status 200 in 12ms
 GET /api/backend-status 200 in 9ms
 GET /api/backend-status 200 in 9ms
 GET /api/backend-status 200 in 9ms
 GET /api/backend-status 200 in 8ms
 GET /api/backend-status 200 in 9ms
 GET /api/backend-status 200 in 10ms
 GET /api/backend-status 200 in 21ms
 ⚠ Fast Refresh had to perform a full reload due to a runtime error.
 ✓ Compiled in 1700ms (1398 modules)
 ⨯ ReferenceError: hoveredKey is not defined
    at DeepSearchPage (src/app/deep-search/page.tsx:1236:85)
  1234 |       }
  1235 |     })
> 1236 |   }, [renderNodes, filteredNodes, filteredEdges, selected, relatedKeys, matchedKeys, hoveredKey, nodeSizeScale, layoutMode, livePhysics])
       |                                                                                     ^
  1237 |
  1238 |   // 简洁优雅的连线：默认极细浅灰、无箭头无文字；只有选中节点的相连边才加粗高亮 + 显示关系标签
  1239 |   const flowEdges: Edge[] = useMemo( {
  digest: '2704484043'
}
 GET /deep-search 500 in 488ms
 ⚠ Fast Refresh had to perform a full reload due to a runtime error.
 ✓ Compiled in 865ms (1398 modules)
 ⨯ ReferenceError: hoveredKey is not defined
    at DeepSearchPage (src/app/deep-search/page.tsx:1251:85)
  1249 |       }
  1250 |     })
> 1251 |   }, [renderNodes, filteredNodes, filteredEdges, selected, relatedKeys, matchedKeys, hoveredKey, nodeSizeScale, layoutMode, livePhysics])
       |                                                                                     ^
  1252 |
  1253 |   // 简洁优雅的连线：默认极细浅灰、无箭头无文字；只有选中节点的相连边才加粗高亮 + 显示关系标签
  1254 |   const flowEdges: Edge[] = useMemo( {
  digest: '2704484043'
}
 ⨯ ReferenceError: hoveredKey is not defined
    at DeepSearchPage (src/app/deep-search/page.tsx:1251:85)
  1249 |       }
  1250 |     })
> 1251 |   }, [renderNodes, filteredNodes, filteredEdges, selected, relatedKeys, matchedKeys, hoveredKey, nodeSizeScale, layoutMode, livePhysics])
       |                                                                                     ^
  1252 |
  1253 |   // 简洁优雅的连线：默认极细浅灰、无箭头无文字；只有选中节点的相连边才加粗高亮 + 显示关系标签
  1254 |   const flowEdges: Edge[] = useMemo( {
  digest: '2704484043'
}
 GET /deep-search 500 in 518ms
 ⚠ Fast Refresh had to perform a full reload due to a runtime error.
 ✓ Compiled in 759ms (1398 modules)
 GET /deep-search 200 in 437ms
 ○ Compiling /api/deep-search ...
 ✓ Compiled /api/deep-search/precheck in 1211ms (1118 modules)
 ✓ Compiled (1121 modules)
 GET /api/deep-search 200 in 1716ms
 GET /api/backend-status 200 in 1720ms
 POST /api/deep-search/precheck 200 in 3891ms
 ✓ Compiled in 1068ms (1775 modules)
 ✓ Compiled in 1ms (1121 modules)
 ✓ Compiled in 0ms (1121 modules)
 ✓ Compiled in 0ms (1121 modules)
 GET /api/deep-search 200 in 1408ms
 GET /deep-search 200 in 1201ms
 GET /api/backend-status 200 in 23ms
 GET /api/backend-status 200 in 12ms
 GET /api/backend-status 200 in 19ms
 ✓ Compiled in 1438ms (1775 modules)
 GET /deep-search 200 in 75ms
 GET /api/deep-search 200 in 153ms
 GET /api/backend-status 200 in 18ms
 GET /api/backend-status 200 in 14ms
 GET /deep-search 200 in 314ms
 GET /api/backend-status 200 in 7ms
 GET /api/backend-status 200 in 15ms
 GET /api/backend-status 200 in 10ms
 GET /api/backend-status 200 in 16ms
 GET /api/backend-status 200 in 17ms
 GET /api/backend-status 200 in 8ms
 GET /api/backend-status 200 in 13ms
 GET /api/backend-status 200 in 10ms
 GET /api/backend-status 200 in 10ms
 GET /api/backend-status 200 in 10ms
 GET /api/backend-status 200 in 10ms
 GET /api/backend-status 200 in 12ms
 GET /api/backend-status 200 in 21ms
 GET /api/backend-status 200 in 10ms
 GET /api/backend-status 200 in 9ms
 GET /api/backend-status 200 in 19ms
 GET /api/backend-status 200 in 21ms
 GET /api/backend-status 200 in 10ms
 GET /api/backend-status 200 in 13ms
 GET /api/backend-status 200 in 10ms
 GET /api/backend-status 200 in 12ms
 GET /api/backend-status 200 in 16ms
 GET /api/backend-status 200 in 10ms
 GET /api/backend-status 200 in 11ms
 GET /api/backend-status 200 in 16ms
 GET /api/backend-status 200 in 9ms
 GET /api/backend-status 200 in 11ms
 GET /api/backend-status 200 in 14ms
 GET /api/backend-status 200 in 9ms
 GET /api/backend-status 200 in 13ms
 GET /api/backend-status 200 in 27ms
 GET /api/backend-status 200 in 9ms
 GET /api/backend-status 200 in 8ms
 GET /api/backend-status 200 in 8ms
 GET /api/backend-status 200 in 13ms
 GET /api/backend-status 200 in 10ms
 GET /api/backend-status 200 in 9ms
 GET /api/backend-status 200 in 11ms
 GET /api/backend-status 200 in 12ms
 GET /api/backend-status 200 in 8ms
 GET /api/backend-status 200 in 8ms
 GET /api/backend-status 200 in 42ms
 GET /api/backend-status 200 in 13ms
 GET /api/backend-status 200 in 10ms
 GET /api/backend-status 200 in 12ms
 GET /api/backend-status 200 in 10ms
 GET /api/backend-status 200 in 11ms
 GET /api/backend-status 200 in 11ms
 GET /api/backend-status 200 in 11ms
 GET /api/backend-status 200 in 14ms
 GET /api/backend-status 200 in 17ms
 GET /api/backend-status 200 in 12ms
 GET /api/backend-status 200 in 9ms
 GET /api/backend-status 200 in 10ms
 GET /api/backend-status 200 in 36ms
 GET /api/backend-status 200 in 17ms
 GET /api/backend-status 200 in 12ms
 GET /api/backend-status 200 in 11ms
 GET /api/backend-status 200 in 12ms
 GET /api/backend-status 200 in 10ms
 GET /api/backend-status 200 in 15ms
 GET /api/backend-status 200 in 25ms
 GET /api/backend-status 200 in 9ms
 GET /api/backend-status 200 in 8ms
 GET /api/backend-status 200 in 11ms
 GET /api/backend-status 200 in 24ms
 GET /api/backend-status 200 in 11ms
 GET /api/backend-status 200 in 9ms
 GET /api/backend-status 200 in 13ms
 GET /api/backend-status 200 in 80ms
 GET /api/backend-status 200 in 13ms
 GET /api/backend-status 200 in 13ms
 GET /api/backend-status 200 in 109ms
 GET /api/backend-status 200 in 18ms
 GET /api/backend-status 200 in 24ms
 GET /api/backend-status 200 in 14ms
 GET /api/backend-status 200 in 19ms
 GET /api/backend-status 200 in 19ms
 GET /api/backend-status 200 in 37ms
 GET /api/backend-status 200 in 27ms
 GET /api/backend-status 200 in 45ms
 GET /api/backend-status 200 in 43ms
 GET /api/backend-status 200 in 26ms
 GET /api/backend-status 200 in 70ms
 GET /api/backend-status 200 in 47ms
 GET /api/backend-status 200 in 14ms
 GET /api/backend-status 200 in 42ms
 GET /api/backend-status 200 in 25ms
 GET /api/backend-status 200 in 14ms
 GET /api/backend-status 200 in 13ms
 GET /api/backend-status 200 in 41ms
 GET /api/backend-status 200 in 10ms
 GET /api/backend-status 200 in 12ms
 GET /api/backend-status 200 in 28ms
 GET /api/backend-status 200 in 14ms
 GET /api/backend-status 200 in 24ms
 GET /api/backend-status 200 in 52ms
 GET /api/backend-status 200 in 34ms
 GET /api/backend-status 200 in 13ms
 GET /api/backend-status 200 in 68ms
 GET /api/backend-status 200 in 17ms
 GET /api/backend-status 200 in 16ms
 GET /api/backend-status 200 in 16ms
 GET /api/backend-status 200 in 15ms
 GET /api/backend-status 200 in 52ms
 GET /api/backend-status 200 in 52ms
 GET /api/backend-status 200 in 32ms
 GET /api/backend-status 200 in 18ms
 GET /api/backend-status 200 in 17ms
 GET /api/backend-status 200 in 56ms
 GET /api/backend-status 200 in 35ms
 GET /api/backend-status 200 in 52ms
 GET /api/backend-status 200 in 28ms
 GET /api/backend-status 200 in 32ms
 GET /api/backend-status 200 in 45ms
 GET /api/backend-status 200 in 49ms
 GET /api/backend-status 200 in 14ms
 GET /api/backend-status 200 in 45ms
 GET /api/backend-status 200 in 40ms
 GET /api/backend-status 200 in 9ms
 GET /api/backend-status 200 in 57ms
 GET /api/backend-status 200 in 37ms
 GET /api/backend-status 200 in 44ms
 GET /api/backend-status 200 in 36ms
 GET /api/backend-status 200 in 18ms
 GET /api/backend-status 200 in 18ms
 GET /api/backend-status 200 in 37ms
 GET /api/backend-status 200 in 23ms
 GET /api/backend-status 200 in 11ms
 GET /api/backend-status 200 in 34ms
 GET /api/backend-status 200 in 18ms
 GET /api/backend-status 200 in 44ms
 GET /api/backend-status 200 in 26ms
 GET /api/backend-status 200 in 67ms
 GET /api/backend-status 200 in 13ms
 GET /api/backend-status 200 in 20ms
 GET /api/backend-status 200 in 16ms
 GET /api/backend-status 200 in 53ms
 GET /api/backend-status 200 in 24ms
 GET /api/backend-status 200 in 41ms
 GET /api/backend-status 200 in 38ms
 GET /api/backend-status 200 in 11ms
 GET /api/backend-status 200 in 17ms
 GET /api/backend-status 200 in 14ms
 GET /api/backend-status 200 in 41ms
 GET /api/backend-status 200 in 10ms
 GET /api/backend-status 200 in 46ms
 GET /api/backend-status 200 in 10ms
 GET /api/backend-status 200 in 17ms
 GET /api/backend-status 200 in 17ms
 GET /api/backend-status 200 in 59ms
 GET /api/backend-status 200 in 51ms
 GET /api/backend-status 200 in 11ms
 GET /api/backend-status 200 in 15ms
 GET /api/backend-status 200 in 36ms
 GET /api/backend-status 200 in 38ms
 GET /api/backend-status 200 in 35ms
 GET /api/backend-status 200 in 13ms
 GET /api/backend-status 200 in 28ms
 GET /api/backend-status 200 in 11ms
 GET /api/backend-status 200 in 18ms
 GET /api/backend-status 200 in 28ms
 GET /api/backend-status 200 in 22ms
 GET /api/backend-status 200 in 63ms
 GET /api/backend-status 200 in 28ms
 GET /api/backend-status 200 in 17ms
 GET /api/backend-status 200 in 57ms
 GET /api/backend-status 200 in 36ms
 GET /api/backend-status 200 in 32ms
 GET /api/backend-status 200 in 40ms
 GET /api/backend-status 200 in 24ms
 GET /api/backend-status 200 in 35ms
 GET /api/backend-status 200 in 15ms
 GET /api/backend-status 200 in 23ms
 GET /api/backend-status 200 in 19ms
 GET /api/backend-status 200 in 16ms
 GET /api/backend-status 200 in 48ms
 GET /api/backend-status 200 in 39ms
 GET /api/backend-status 200 in 19ms
 GET /api/backend-status 200 in 23ms
 GET /api/backend-status 200 in 166ms
 GET /api/backend-status 200 in 21ms
 GET /api/deep-search 200 in 210ms
 ○ Compiling /api/deep-search/[runId] ...
 ✓ Compiled /api/deep-search/[runId] in 1896ms (1120 modules)
 GET /api/deep-search/cmqccz4he0000nkcvztcjpsf9 200 in 2061ms
 GET /api/backend-status 200 in 20ms
 GET /api/backend-status 200 in 29ms
 GET /api/backend-status 200 in 10ms
 GET /api/backend-status 200 in 10ms
 GET /api/backend-status 200 in 79ms
 GET /api/backend-status 200 in 16ms
 GET /api/backend-status 200 in 36ms
 GET /api/backend-status 200 in 16ms
 GET /api/deep-search 200 in 359ms
 GET /api/deep-search/cmqf3kvsq0066nkfz3nrz9b2i 200 in 21ms
 GET /api/backend-status 200 in 30ms
 GET /api/backend-status 200 in 9ms
 GET /api/backend-status 200 in 31ms
 GET /api/backend-status 200 in 21ms
 GET /api/backend-status 200 in 11ms
 GET /api/backend-status 200 in 9ms
 GET /api/backend-status 200 in 8ms
 GET /api/backend-status 200 in 8ms
 GET /api/backend-status 200 in 14ms
 GET /api/deep-search 200 in 14ms
 GET /api/deep-search/cmqccz4he0000nkcvztcjpsf9 200 in 36ms
 GET /api/backend-status 200 in 12ms
 ✓ Compiled in 3.8s (1774 modules)
 GET /api/backend-status 200 in 1833ms
 GET /api/deep-search 200 in 520ms
 GET /deep-search 200 in 139ms
 GET /api/backend-status 200 in 12ms
 GET /api/backend-status 200 in 14ms
 GET /api/backend-status 200 in 27ms
 GET /api/backend-status 200 in 22ms
 GET /api/backend-status 200 in 10ms
 GET /api/backend-status 200 in 19ms
 GET /api/backend-status 200 in 11ms
 GET /api/backend-status 200 in 15ms
 GET /api/backend-status 200 in 11ms
 GET /api/backend-status 200 in 14ms
 GET /api/backend-status 200 in 12ms
 GET /api/backend-status 200 in 63ms
 GET /api/backend-status 200 in 29ms
 GET /api/backend-status 200 in 25ms
 GET /api/backend-status 200 in 21ms
 GET /api/backend-status 200 in 9ms
 GET /api/deep-search 200 in 10ms
 GET /api/deep-search/cmqf3kvsq0066nkfz3nrz9b2i 200 in 20ms
 GET /api/backend-status 200 in 11ms
 GET /api/backend-status 200 in 8ms
 GET /api/deep-search 200 in 8ms
 GET /api/deep-search/cmqed3g420000nkfzpzq33j10 200 in 13ms
 GET /api/backend-status 200 in 6ms
 GET /api/backend-status 200 in 15ms
 GET /api/backend-status 200 in 14ms
 GET /api/backend-status 200 in 13ms
 GET /api/backend-status 200 in 12ms
 GET /api/backend-status 200 in 15ms
 GET /api/backend-status 200 in 19ms
 GET /api/backend-status 200 in 8ms
 GET /api/backend-status 200 in 9ms
 GET /api/backend-status 200 in 20ms
 GET /api/backend-status 200 in 19ms
 GET /api/backend-status 200 in 39ms
 GET /api/backend-status 200 in 29ms
 GET /api/backend-status 200 in 17ms
 GET /api/backend-status 200 in 53ms
 GET /api/backend-status 200 in 30ms
 GET /api/backend-status 200 in 22ms
 GET /api/backend-status 200 in 40ms
 GET /api/backend-status 200 in 31ms
 GET /api/backend-status 200 in 14ms
 GET /api/backend-status 200 in 61ms
 GET /api/backend-status 200 in 39ms
 GET /api/backend-status 200 in 27ms
 GET /api/backend-status 200 in 23ms
 GET /api/backend-status 200 in 34ms
 GET /api/backend-status 200 in 23ms
 GET /api/backend-status 200 in 26ms
 GET /api/backend-status 200 in 51ms
 GET /api/backend-status 200 in 20ms
 GET /api/backend-status 200 in 35ms
 GET /api/backend-status 200 in 20ms
 GET /api/backend-status 200 in 26ms
 GET /api/backend-status 200 in 24ms
 GET /api/backend-status 200 in 26ms
 GET /api/backend-status 200 in 15ms
 GET /api/backend-status 200 in 16ms
 GET /api/backend-status 200 in 40ms
 GET /api/backend-status 200 in 48ms
 GET /api/backend-status 200 in 35ms
 GET /api/backend-status 200 in 29ms
 GET /api/backend-status 200 in 24ms
 GET /api/backend-status 200 in 58ms
 GET /api/backend-status 200 in 44ms
 GET /api/backend-status 200 in 26ms
 GET /api/backend-status 200 in 45ms
 GET /api/backend-status 200 in 21ms
 GET /api/backend-status 200 in 23ms
 GET /api/backend-status 200 in 39ms
 GET /api/backend-status 200 in 29ms
 GET /api/backend-status 200 in 13ms
 GET /api/backend-status 200 in 47ms
 GET /api/backend-status 200 in 30ms
 GET /api/backend-status 200 in 24ms
 GET /api/backend-status 200 in 43ms
 GET /api/backend-status 200 in 39ms
 GET /api/backend-status 200 in 23ms
 GET /api/backend-status 200 in 10ms
 GET /api/backend-status 200 in 13ms
 GET /api/backend-status 200 in 32ms
 GET /api/backend-status 200 in 11ms
 GET /api/backend-status 200 in 37ms
 GET /api/backend-status 200 in 22ms
 GET /api/backend-status 200 in 15ms
 GET /api/backend-status 200 in 16ms
 GET /api/backend-status 200 in 30ms
 GET /api/backend-status 200 in 55ms
 GET /api/backend-status 200 in 28ms
 GET /api/backend-status 200 in 22ms
 GET /api/backend-status 200 in 36ms
 GET /api/backend-status 200 in 14ms
 GET /api/backend-status 200 in 37ms
 GET /api/backend-status 200 in 25ms
 GET /api/backend-status 200 in 14ms
 GET /api/backend-status 200 in 21ms
 GET /api/backend-status 200 in 16ms
 GET /api/backend-status 200 in 20ms
 GET /api/backend-status 200 in 15ms
 GET /api/backend-status 200 in 25ms
 GET /api/backend-status 200 in 10ms
 GET /api/deep-search 200 in 17ms
 GET /api/backend-status 200 in 28ms
 GET /api/deep-search/cmqccz4he0000nkcvztcjpsf9 200 in 80ms
 GET /api/backend-status 200 in 31ms
 GET /api/backend-status 200 in 21ms
 GET /api/backend-status 200 in 15ms
 GET /api/backend-status 200 in 24ms
 GET /api/backend-status 200 in 11ms
 GET /api/backend-status 200 in 20ms
 GET /api/backend-status 200 in 20ms
 GET /api/backend-status 200 in 8ms
 GET /api/backend-status 200 in 25ms
 GET /api/backend-status 200 in 11ms
 GET /api/backend-status 200 in 9ms
 GET /api/backend-status 200 in 13ms
 GET /api/backend-status 200 in 14ms
 GET /api/backend-status 200 in 12ms
 GET /api/backend-status 200 in 17ms
 GET /api/backend-status 200 in 14ms
 GET /api/backend-status 200 in 21ms
 GET /api/backend-status 200 in 45ms
 GET /api/backend-status 200 in 13ms
 GET /api/backend-status 200 in 16ms
 GET /api/backend-status 200 in 19ms
 GET /api/backend-status 200 in 9ms
 GET /api/backend-status 200 in 17ms
 GET /api/backend-status 200 in 20ms
 GET /api/backend-status 200 in 26ms
 GET /api/backend-status 200 in 18ms
 GET /api/backend-status 200 in 17ms
 GET /api/backend-status 200 in 23ms
 GET /api/backend-status 200 in 10ms
 GET /api/backend-status 200 in 57ms
 GET /api/backend-status 200 in 11ms
 ○ Compiling /api/deep-search/global ...
 ✓ Compiled /api/deep-search/global in 1297ms (749 modules)
 GET /api/deep-search/global?limit=300 200 in 1409ms
 ✓ Compiled /api/deep-search in 234ms (1120 modules)
 GET /api/deep-search 200 in 422ms
 GET /api/backend-status 200 in 24ms
 GET /api/backend-status 200 in 35ms
 GET /api/backend-status 200 in 6ms
 GET /api/backend-status 200 in 8ms
 GET /api/backend-status 200 in 10ms
 GET /api/backend-status 200 in 8ms
 GET /api/backend-status 200 in 8ms
 GET /api/backend-status 200 in 42ms
 GET /api/backend-status 200 in 11ms
 GET /api/deep-search 200 in 16ms
 GET /api/backend-status 200 in 16ms
 GET /api/backend-status 200 in 8ms
 GET /api/backend-status 200 in 9ms
 GET /api/backend-status 200 in 8ms
 GET /api/backend-status 200 in 7ms
 GET /api/backend-status 200 in 7ms
 GET /api/backend-status 200 in 11ms
 GET /api/backend-status 200 in 7ms
 GET /api/backend-status 200 in 9ms
 GET /api/backend-status 200 in 9ms
 GET /api/backend-status 200 in 14ms
 GET /api/backend-status 200 in 13ms
 GET /api/backend-status 200 in 9ms
 GET /api/backend-status 200 in 10ms
 GET /api/deep-search 200 in 9ms
 GET /api/backend-status 200 in 10ms
 ✓ Compiled /api/deep-search/[runId] in 423ms (1120 modules)
 GET /api/deep-search/cmqf3kvsq0066nkfz3nrz9b2i 200 in 532ms
 GET /api/backend-status 200 in 12ms
 GET /api/backend-status 200 in 6ms
 GET /api/backend-status 200 in 7ms
 GET /api/backend-status 200 in 7ms
 GET /api/backend-status 200 in 8ms
 GET /api/backend-status 200 in 7ms
 GET /api/backend-status 200 in 8ms
 GET /api/backend-status 200 in 10ms
 GET /api/backend-status 200 in 11ms
 GET /api/backend-status 200 in 8ms
 GET /api/backend-status 200 in 8ms
 GET /api/backend-status 200 in 9ms
 GET /api/backend-status 200 in 9ms
 GET /api/backend-status 200 in 9ms
 GET /api/backend-status 200 in 8ms
 GET /api/backend-status 200 in 9ms
 GET /api/backend-status 200 in 9ms
 GET /api/backend-status 200 in 8ms
 GET /api/backend-status 200 in 8ms
 GET /api/backend-status 200 in 9ms
 GET /api/backend-status 200 in 8ms
 GET /api/backend-status 200 in 9ms
 GET /api/backend-status 200 in 8ms
 GET /api/backend-status 200 in 9ms
 GET /api/backend-status 200 in 9ms
 GET /api/backend-status 200 in 9ms
 GET /api/backend-status 200 in 10ms
 GET /api/backend-status 200 in 9ms
 GET /api/backend-status 200 in 11ms
 GET /api/backend-status 200 in 11ms
 GET /api/backend-status 200 in 9ms
 GET /api/backend-status 200 in 9ms
 GET /api/backend-status 200 in 9ms
 GET /api/backend-status 200 in 11ms
 GET /api/backend-status 200 in 8ms
 GET /api/backend-status 200 in 8ms
 GET /api/backend-status 200 in 9ms
 GET /api/backend-status 200 in 8ms
 GET /api/backend-status 200 in 7ms
 GET /api/backend-status 200 in 9ms
 GET /api/backend-status 200 in 11ms
 GET /api/backend-status 200 in 9ms
 GET /api/backend-status 200 in 13ms
 GET /api/backend-status 200 in 10ms
 GET /api/backend-status 200 in 8ms
 GET /api/backend-status 200 in 10ms
 GET /api/backend-status 200 in 10ms
 GET /api/backend-status 200 in 10ms
 GET /api/backend-status 200 in 8ms
 GET /api/backend-status 200 in 7ms
 GET /api/backend-status 200 in 8ms
 GET /api/backend-status 200 in 9ms
 GET /api/backend-status 200 in 9ms
 GET /api/backend-status 200 in 8ms
 GET /api/backend-status 200 in 9ms
 GET /api/backend-status 200 in 9ms
 GET /api/backend-status 200 in 9ms
 GET /api/backend-status 200 in 10ms
 GET /api/backend-status 200 in 9ms
 GET /api/backend-status 200 in 8ms
 GET /api/backend-status 200 in 9ms
 GET /api/backend-status 200 in 9ms
 GET /api/backend-status 200 in 8ms
 GET /api/backend-status 200 in 10ms
 GET /api/backend-status 200 in 9ms
 GET /api/backend-status 200 in 7ms
 GET /api/backend-status 200 in 9ms
 GET /api/backend-status 200 in 9ms
 GET /api/backend-status 200 in 14ms
 GET /api/backend-status 200 in 7ms
 GET /api/backend-status 200 in 9ms
 GET /api/backend-status 200 in 8ms
 GET /api/backend-status 200 in 8ms
 GET /api/backend-status 200 in 15ms
 GET /api/backend-status 200 in 8ms
 GET /api/backend-status 200 in 13ms
 GET /api/backend-status 200 in 12ms
 GET /api/backend-status 200 in 12ms
 GET /api/backend-status 200 in 9ms
 GET /api/backend-status 200 in 10ms
 GET /api/backend-status 200 in 8ms
 GET /api/backend-status 200 in 10ms
 GET /api/backend-status 200 in 51ms
 GET /api/backend-status 200 in 11ms
 GET /api/backend-status 200 in 12ms
 GET /api/backend-status 200 in 12ms
 GET /api/backend-status 200 in 18ms
 GET /api/backend-status 200 in 12ms
 GET /api/backend-status 200 in 20ms
 GET /api/backend-status 200 in 18ms
 GET /api/backend-status 200 in 25ms
 GET /api/backend-status 200 in 17ms
 GET /api/backend-status 200 in 16ms
 GET /api/backend-status 200 in 26ms
 GET /api/backend-status 200 in 14ms
